<?xml version="1.0" encoding="UTF-8"?>
<testsuites tests="101" failures="0" disabled="0" errors="0" time="0.006" timestamp="2025-07-27T00:22:41.648" name="AllTests">
  <testsuite name="CharacterSystemTest" tests="36" failures="0" disabled="0" skipped="0" errors="0" time="0.003" timestamp="2025-07-27T00:22:41.648">
    <testcase name="CharacterCreation_ValidData_CreatesCharacter" file="/Users/emotionalmachine/Documents/AddInEdu/Project/p-cpp-study/tests/test_character_system.cpp" line="68" status="run" result="completed" time="0" timestamp="2025-07-27T00:22:41.648" classname="CharacterSystemTest" />
    <testcase name="CharacterCreation_EmptyData_CreatesCharacter" file="/Users/emotionalmachine/Documents/AddInEdu/Project/p-cpp-study/tests/test_character_system.cpp" line="78" status="run" result="completed" time="0" timestamp="2025-07-27T00:22:41.648" classname="CharacterSystemTest" />
    <testcase name="DetailedConstructor_ValidData_CreatesCharacterWithProfile" file="/Users/emotionalmachine/Documents/AddInEdu/Project/p-cpp-study/tests/test_character_system.cpp" line="90" status="run" result="completed" time="0" timestamp="2025-07-27T00:22:41.648" classname="CharacterSystemTest" />
    <testcase name="DetailedConstructor_DifferentSpecies_CreatesCorrectCharacter" file="/Users/emotionalmachine/Documents/AddInEdu/Project/p-cpp-study/tests/test_character_system.cpp" line="101" status="run" result="completed" time="0" timestamp="2025-07-27T00:22:41.648" classname="CharacterSystemTest" />
    <testcase name="GainExperience_PositiveValue_IncreasesExperience" file="/Users/emotionalmachine/Documents/AddInEdu/Project/p-cpp-study/tests/test_character_system.cpp" line="111" status="run" result="completed" time="0" timestamp="2025-07-27T00:22:41.648" classname="CharacterSystemTest" />
    <testcase name="GainExperience_ZeroValue_NoChange" file="/Users/emotionalmachine/Documents/AddInEdu/Project/p-cpp-study/tests/test_character_system.cpp" line="118" status="run" result="completed" time="0" timestamp="2025-07-27T00:22:41.648" classname="CharacterSystemTest" />
    <testcase name="GainExperience_NegativeValue_NoChange" file="/Users/emotionalmachine/Documents/AddInEdu/Project/p-cpp-study/tests/test_character_system.cpp" line="125" status="run" result="completed" time="0" timestamp="2025-07-27T00:22:41.648" classname="CharacterSystemTest" />
    <testcase name="LevelUp_SufficientExperience_LevelsUp" file="/Users/emotionalmachine/Documents/AddInEdu/Project/p-cpp-study/tests/test_character_system.cpp" line="132" status="run" result="completed" time="0" timestamp="2025-07-27T00:22:41.648" classname="CharacterSystemTest" />
    <testcase name="LevelUp_InsufficientExperience_NoLevelUp" file="/Users/emotionalmachine/Documents/AddInEdu/Project/p-cpp-study/tests/test_character_system.cpp" line="141" status="run" result="completed" time="0" timestamp="2025-07-27T00:22:41.648" classname="CharacterSystemTest" />
    <testcase name="GetStatus_ValidCharacter_ReturnsCorrectStatus" file="/Users/emotionalmachine/Documents/AddInEdu/Project/p-cpp-study/tests/test_character_system.cpp" line="152" status="run" result="completed" time="0" timestamp="2025-07-27T00:22:41.648" classname="CharacterSystemTest" />
    <testcase name="Display_ValidEmotion_ShowsCorrectOutput" file="/Users/emotionalmachine/Documents/AddInEdu/Project/p-cpp-study/tests/test_character_system.cpp" line="163" status="run" result="completed" time="0" timestamp="2025-07-27T00:22:41.648" classname="CharacterSystemTest" />
    <testcase name="Display_DefaultEmotion_ShowsDefaultOutput" file="/Users/emotionalmachine/Documents/AddInEdu/Project/p-cpp-study/tests/test_character_system.cpp" line="173" status="run" result="completed" time="0" timestamp="2025-07-27T00:22:41.648" classname="CharacterSystemTest" />
    <testcase name="AllSpecies_DisplayCorrectly" file="/Users/emotionalmachine/Documents/AddInEdu/Project/p-cpp-study/tests/test_character_system.cpp" line="184" status="run" result="completed" time="0" timestamp="2025-07-27T00:22:41.648" classname="CharacterSystemTest" />
    <testcase name="ShowProfile_ValidCharacter_ShowsCompleteProfile" file="/Users/emotionalmachine/Documents/AddInEdu/Project/p-cpp-study/tests/test_character_system.cpp" line="202" status="run" result="completed" time="0" timestamp="2025-07-27T00:22:41.648" classname="CharacterSystemTest" />
    <testcase name="CharacterComparison_DifferentSpecies_NotEqual" file="/Users/emotionalmachine/Documents/AddInEdu/Project/p-cpp-study/tests/test_character_system.cpp" line="218" status="run" result="completed" time="0" timestamp="2025-07-27T00:22:41.648" classname="CharacterSystemTest" />
    <testcase name="CharacterComparison_SameSpecies_Equal" file="/Users/emotionalmachine/Documents/AddInEdu/Project/p-cpp-study/tests/test_character_system.cpp" line="223" status="run" result="completed" time="0" timestamp="2025-07-27T00:22:41.649" classname="CharacterSystemTest" />
    <testcase name="CharacterFactory_CreateChihuahua_ReturnsValidCharacter" file="/Users/emotionalmachine/Documents/AddInEdu/Project/p-cpp-study/tests/test_character_system.cpp" line="230" status="run" result="completed" time="0" timestamp="2025-07-27T00:22:41.649" classname="CharacterSystemTest" />
    <testcase name="CharacterFactory_CreateAllTypes_ReturnsValidCharacters" file="/Users/emotionalmachine/Documents/AddInEdu/Project/p-cpp-study/tests/test_character_system.cpp" line="238" status="run" result="completed" time="0" timestamp="2025-07-27T00:22:41.649" classname="CharacterSystemTest" />
    <testcase name="CharacterFactory_InitializeAllCharacters_ReturnsCorrectCount" file="/Users/emotionalmachine/Documents/AddInEdu/Project/p-cpp-study/tests/test_character_system.cpp" line="262" status="run" result="completed" time="0" timestamp="2025-07-27T00:22:41.649" classname="CharacterSystemTest" />
    <testcase name="CharacterManager_AddCharacter_StoresCharacter" file="/Users/emotionalmachine/Documents/AddInEdu/Project/p-cpp-study/tests/test_character_system.cpp" line="270" status="run" result="completed" time="0" timestamp="2025-07-27T00:22:41.649" classname="CharacterSystemTest" />
    <testcase name="CharacterManager_GetCharacterByName_ReturnsCorrectCharacter" file="/Users/emotionalmachine/Documents/AddInEdu/Project/p-cpp-study/tests/test_character_system.cpp" line="277" status="run" result="completed" time="0" timestamp="2025-07-27T00:22:41.649" classname="CharacterSystemTest" />
    <testcase name="CharacterManager_GetCharacterBySpecies_ReturnsCorrectCharacter" file="/Users/emotionalmachine/Documents/AddInEdu/Project/p-cpp-study/tests/test_character_system.cpp" line="287" status="run" result="completed" time="0" timestamp="2025-07-27T00:22:41.649" classname="CharacterSystemTest" />
    <testcase name="CharacterManager_GetCharactersByRole_ReturnsCorrectCharacters" file="/Users/emotionalmachine/Documents/AddInEdu/Project/p-cpp-study/tests/test_character_system.cpp" line="297" status="run" result="completed" time="0" timestamp="2025-07-27T00:22:41.649" classname="CharacterSystemTest" />
    <testcase name="CharacterManager_GetStrongestCharacter_ReturnsHighestPower" file="/Users/emotionalmachine/Documents/AddInEdu/Project/p-cpp-study/tests/test_character_system.cpp" line="308" status="run" result="completed" time="0" timestamp="2025-07-27T00:22:41.649" classname="CharacterSystemTest" />
    <testcase name="CharacterManager_GetWeakestCharacter_ReturnsLowestPower" file="/Users/emotionalmachine/Documents/AddInEdu/Project/p-cpp-study/tests/test_character_system.cpp" line="320" status="run" result="completed" time="0" timestamp="2025-07-27T00:22:41.649" classname="CharacterSystemTest" />
    <testcase name="CharacterManager_GetAverageLevel_ReturnsCorrectAverage" file="/Users/emotionalmachine/Documents/AddInEdu/Project/p-cpp-study/tests/test_character_system.cpp" line="332" status="run" result="completed" time="0" timestamp="2025-07-27T00:22:41.649" classname="CharacterSystemTest" />
    <testcase name="DisplayEmotions_AllEmotions_ShowCorrectOutput" file="/Users/emotionalmachine/Documents/AddInEdu/Project/p-cpp-study/tests/test_character_system.cpp" line="344" status="run" result="completed" time="0" timestamp="2025-07-27T00:22:41.649" classname="CharacterSystemTest" />
    <testcase name="HumanCharacters_HaveCorrectProperties" file="/Users/emotionalmachine/Documents/AddInEdu/Project/p-cpp-study/tests/test_character_system.cpp" line="362" status="run" result="completed" time="0" timestamp="2025-07-27T00:22:41.649" classname="CharacterSystemTest" />
    <testcase name="MysticalCat_HasCorrectProperties" file="/Users/emotionalmachine/Documents/AddInEdu/Project/p-cpp-study/tests/test_character_system.cpp" line="372" status="run" result="completed" time="0" timestamp="2025-07-27T00:22:41.649" classname="CharacterSystemTest" />
    <testcase name="OperatorEquality_SameCharacter_ReturnsTrue" file="/Users/emotionalmachine/Documents/AddInEdu/Project/p-cpp-study/tests/test_character_system.cpp" line="380" status="run" result="completed" time="0" timestamp="2025-07-27T00:22:41.649" classname="CharacterSystemTest" />
    <testcase name="OperatorEquality_DifferentCharacter_ReturnsFalse" file="/Users/emotionalmachine/Documents/AddInEdu/Project/p-cpp-study/tests/test_character_system.cpp" line="387" status="run" result="completed" time="0" timestamp="2025-07-27T00:22:41.650" classname="CharacterSystemTest" />
    <testcase name="OperatorInequality_DifferentCharacter_ReturnsTrue" file="/Users/emotionalmachine/Documents/AddInEdu/Project/p-cpp-study/tests/test_character_system.cpp" line="394" status="run" result="completed" time="0" timestamp="2025-07-27T00:22:41.650" classname="CharacterSystemTest" />
    <testcase name="BoundaryValues_ExtremeExperience_HandlesCorrectly" file="/Users/emotionalmachine/Documents/AddInEdu/Project/p-cpp-study/tests/test_character_system.cpp" line="403" status="run" result="completed" time="0" timestamp="2025-07-27T00:22:41.650" classname="CharacterSystemTest" />
    <testcase name="BoundaryValues_EmptyStrings_HandlesCorrectly" file="/Users/emotionalmachine/Documents/AddInEdu/Project/p-cpp-study/tests/test_character_system.cpp" line="414" status="run" result="completed" time="0" timestamp="2025-07-27T00:22:41.650" classname="CharacterSystemTest" />
    <testcase name="Performance_MultipleCharacters_HandlesEfficiently" file="/Users/emotionalmachine/Documents/AddInEdu/Project/p-cpp-study/tests/test_character_system.cpp" line="424" status="run" result="completed" time="0" timestamp="2025-07-27T00:22:41.650" classname="CharacterSystemTest" />
    <testcase name="Integration_CompleteCharacterLifecycle_WorksCorrectly" file="/Users/emotionalmachine/Documents/AddInEdu/Project/p-cpp-study/tests/test_character_system.cpp" line="443" status="run" result="completed" time="0" timestamp="2025-07-27T00:22:41.651" classname="CharacterSystemTest" />
  </testsuite>
  <testsuite name="QuizSystemTest" tests="25" failures="0" disabled="0" skipped="0" errors="0" time="0.001" timestamp="2025-07-27T00:22:41.651">
    <testcase name="QuizQuestion_Creation_ValidData" file="/Users/emotionalmachine/Documents/AddInEdu/Project/p-cpp-study/tests/test_quiz_system.cpp" line="52" status="run" result="completed" time="0" timestamp="2025-07-27T00:22:41.651" classname="QuizSystemTest" />
    <testcase name="QuizQuestion_DefaultValues" file="/Users/emotionalmachine/Documents/AddInEdu/Project/p-cpp-study/tests/test_quiz_system.cpp" line="61" status="run" result="completed" time="0" timestamp="2025-07-27T00:22:41.651" classname="QuizSystemTest" />
    <testcase name="QuizResult_Creation_ValidData" file="/Users/emotionalmachine/Documents/AddInEdu/Project/p-cpp-study/tests/test_quiz_system.cpp" line="72" status="run" result="completed" time="0" timestamp="2025-07-27T00:22:41.651" classname="QuizSystemTest" />
    <testcase name="QuizResult_DefaultConstructor" file="/Users/emotionalmachine/Documents/AddInEdu/Project/p-cpp-study/tests/test_quiz_system.cpp" line="81" status="run" result="completed" time="0" timestamp="2025-07-27T00:22:41.651" classname="QuizSystemTest" />
    <testcase name="QuizSystem_Initialization_EmptyState" file="/Users/emotionalmachine/Documents/AddInEdu/Project/p-cpp-study/tests/test_quiz_system.cpp" line="92" status="run" result="completed" time="0" timestamp="2025-07-27T00:22:41.651" classname="QuizSystemTest" />
    <testcase name="QuizSystem_AddQuestions_ValidData" file="/Users/emotionalmachine/Documents/AddInEdu/Project/p-cpp-study/tests/test_quiz_system.cpp" line="98" status="run" result="completed" time="0" timestamp="2025-07-27T00:22:41.651" classname="QuizSystemTest" />
    <testcase name="QuizSystem_GetCurrentQuestion_ValidData" file="/Users/emotionalmachine/Documents/AddInEdu/Project/p-cpp-study/tests/test_quiz_system.cpp" line="107" status="run" result="completed" time="0" timestamp="2025-07-27T00:22:41.651" classname="QuizSystemTest" />
    <testcase name="QuizSystem_NextQuestion_ValidData" file="/Users/emotionalmachine/Documents/AddInEdu/Project/p-cpp-study/tests/test_quiz_system.cpp" line="115" status="run" result="completed" time="0" timestamp="2025-07-27T00:22:41.651" classname="QuizSystemTest" />
    <testcase name="QuizSystem_SubmitAnswer_CorrectAnswer" file="/Users/emotionalmachine/Documents/AddInEdu/Project/p-cpp-study/tests/test_quiz_system.cpp" line="134" status="run" result="completed" time="0" timestamp="2025-07-27T00:22:41.651" classname="QuizSystemTest" />
    <testcase name="QuizSystem_SubmitAnswer_WrongAnswer" file="/Users/emotionalmachine/Documents/AddInEdu/Project/p-cpp-study/tests/test_quiz_system.cpp" line="145" status="run" result="completed" time="0" timestamp="2025-07-27T00:22:41.651" classname="QuizSystemTest" />
    <testcase name="QuizSystem_SubmitAnswer_InvalidIndex" file="/Users/emotionalmachine/Documents/AddInEdu/Project/p-cpp-study/tests/test_quiz_system.cpp" line="156" status="run" result="completed" time="0" timestamp="2025-07-27T00:22:41.651" classname="QuizSystemTest" />
    <testcase name="QuizSystem_CalculateResults_PerfectScore" file="/Users/emotionalmachine/Documents/AddInEdu/Project/p-cpp-study/tests/test_quiz_system.cpp" line="165" status="run" result="completed" time="0" timestamp="2025-07-27T00:22:41.651" classname="QuizSystemTest" />
    <testcase name="QuizSystem_CalculateResults_PartialScore" file="/Users/emotionalmachine/Documents/AddInEdu/Project/p-cpp-study/tests/test_quiz_system.cpp" line="180" status="run" result="completed" time="0" timestamp="2025-07-27T00:22:41.651" classname="QuizSystemTest" />
    <testcase name="QuizSystem_GetStatistics_ValidData" file="/Users/emotionalmachine/Documents/AddInEdu/Project/p-cpp-study/tests/test_quiz_system.cpp" line="198" status="run" result="completed" time="0" timestamp="2025-07-27T00:22:41.651" classname="QuizSystemTest" />
    <testcase name="QuizSystem_GetQuestionsByCategory_ValidData" file="/Users/emotionalmachine/Documents/AddInEdu/Project/p-cpp-study/tests/test_quiz_system.cpp" line="217" status="run" result="completed" time="0" timestamp="2025-07-27T00:22:41.651" classname="QuizSystemTest" />
    <testcase name="QuizSystem_GetQuestionsByDifficulty_ValidData" file="/Users/emotionalmachine/Documents/AddInEdu/Project/p-cpp-study/tests/test_quiz_system.cpp" line="230" status="run" result="completed" time="0" timestamp="2025-07-27T00:22:41.651" classname="QuizSystemTest" />
    <testcase name="QuizSystem_BoundaryValues_EmptyQuiz" file="/Users/emotionalmachine/Documents/AddInEdu/Project/p-cpp-study/tests/test_quiz_system.cpp" line="247" status="run" result="completed" time="0" timestamp="2025-07-27T00:22:41.651" classname="QuizSystemTest" />
    <testcase name="QuizSystem_BoundaryValues_SingleQuestion" file="/Users/emotionalmachine/Documents/AddInEdu/Project/p-cpp-study/tests/test_quiz_system.cpp" line="256" status="run" result="completed" time="0" timestamp="2025-07-27T00:22:41.651" classname="QuizSystemTest" />
    <testcase name="QuizSystem_Performance_LargeQuiz" file="/Users/emotionalmachine/Documents/AddInEdu/Project/p-cpp-study/tests/test_quiz_system.cpp" line="270" status="run" result="completed" time="0" timestamp="2025-07-27T00:22:41.651" classname="QuizSystemTest" />
    <testcase name="QuizSystem_Integration_CompleteQuizFlow" file="/Users/emotionalmachine/Documents/AddInEdu/Project/p-cpp-study/tests/test_quiz_system.cpp" line="295" status="run" result="completed" time="0" timestamp="2025-07-27T00:22:41.652" classname="QuizSystemTest" />
    <testcase name="QuizFactory_CreateMathQuiz_ValidData" file="/Users/emotionalmachine/Documents/AddInEdu/Project/p-cpp-study/tests/test_quiz_system.cpp" line="328" status="run" result="completed" time="0" timestamp="2025-07-27T00:22:41.652" classname="QuizSystemTest" />
    <testcase name="QuizFactory_CreateCppQuiz_ValidData" file="/Users/emotionalmachine/Documents/AddInEdu/Project/p-cpp-study/tests/test_quiz_system.cpp" line="336" status="run" result="completed" time="0" timestamp="2025-07-27T00:22:41.652" classname="QuizSystemTest" />
    <testcase name="QuizFactory_CreateMixedQuiz_ValidData" file="/Users/emotionalmachine/Documents/AddInEdu/Project/p-cpp-study/tests/test_quiz_system.cpp" line="344" status="run" result="completed" time="0" timestamp="2025-07-27T00:22:41.652" classname="QuizSystemTest" />
    <testcase name="QuizAnalyzer_AnalyzeResults_ValidData" file="/Users/emotionalmachine/Documents/AddInEdu/Project/p-cpp-study/tests/test_quiz_system.cpp" line="357" status="run" result="completed" time="0" timestamp="2025-07-27T00:22:41.652" classname="QuizSystemTest" />
    <testcase name="QuizAnalyzer_GetRecommendations_ValidData" file="/Users/emotionalmachine/Documents/AddInEdu/Project/p-cpp-study/tests/test_quiz_system.cpp" line="378" status="run" result="completed" time="0" timestamp="2025-07-27T00:22:41.652" classname="QuizSystemTest" />
  </testsuite>
  <testsuite name="LearningModuleTest" tests="21" failures="0" disabled="0" skipped="0" errors="0" time="0" timestamp="2025-07-27T00:22:41.652">
    <testcase name="ModuleCreation_ValidData_CreatesModule" file="/Users/emotionalmachine/Documents/AddInEdu/Project/p-cpp-study/tests/test_learning_modules.cpp" line="52" status="run" result="completed" time="0" timestamp="2025-07-27T00:22:41.652" classname="LearningModuleTest" />
    <testcase name="ModuleCompletion_SettingCompleted_UpdatesStatus" file="/Users/emotionalmachine/Documents/AddInEdu/Project/p-cpp-study/tests/test_learning_modules.cpp" line="59" status="run" result="completed" time="0" timestamp="2025-07-27T00:22:41.652" classname="LearningModuleTest" />
    <testcase name="VariableModule_ValidVariableNames_ReturnsTrue" file="/Users/emotionalmachine/Documents/AddInEdu/Project/p-cpp-study/tests/test_learning_modules.cpp" line="68" status="run" result="completed" time="0" timestamp="2025-07-27T00:22:41.652" classname="LearningModuleTest" />
    <testcase name="VariableModule_InvalidVariableNames_ReturnsFalse" file="/Users/emotionalmachine/Documents/AddInEdu/Project/p-cpp-study/tests/test_learning_modules.cpp" line="75" status="run" result="completed" time="0" timestamp="2025-07-27T00:22:41.652" classname="LearningModuleTest" />
    <testcase name="VariableModule_VariableTypeDetection_ReturnsCorrectType" file="/Users/emotionalmachine/Documents/AddInEdu/Project/p-cpp-study/tests/test_learning_modules.cpp" line="82" status="run" result="completed" time="0" timestamp="2025-07-27T00:22:41.652" classname="LearningModuleTest" />
    <testcase name="VariableModule_ValidateAnswer_ValidAnswer_ReturnsTrue" file="/Users/emotionalmachine/Documents/AddInEdu/Project/p-cpp-study/tests/test_learning_modules.cpp" line="89" status="run" result="completed" time="0" timestamp="2025-07-27T00:22:41.652" classname="LearningModuleTest" />
    <testcase name="VariableModule_ValidateAnswer_InvalidAnswer_ReturnsFalse" file="/Users/emotionalmachine/Documents/AddInEdu/Project/p-cpp-study/tests/test_learning_modules.cpp" line="94" status="run" result="completed" time="0" timestamp="2025-07-27T00:22:41.652" classname="LearningModuleTest" />
    <testcase name="InputModule_ValidInputMethods_ReturnsTrue" file="/Users/emotionalmachine/Documents/AddInEdu/Project/p-cpp-study/tests/test_learning_modules.cpp" line="100" status="run" result="completed" time="0" timestamp="2025-07-27T00:22:41.652" classname="LearningModuleTest" />
    <testcase name="InputModule_InvalidInputMethods_ReturnsFalse" file="/Users/emotionalmachine/Documents/AddInEdu/Project/p-cpp-study/tests/test_learning_modules.cpp" line="106" status="run" result="completed" time="0" timestamp="2025-07-27T00:22:41.652" classname="LearningModuleTest" />
    <testcase name="InputModule_InputSyntax_ReturnsCorrectSyntax" file="/Users/emotionalmachine/Documents/AddInEdu/Project/p-cpp-study/tests/test_learning_modules.cpp" line="112" status="run" result="completed" time="0" timestamp="2025-07-27T00:22:41.652" classname="LearningModuleTest" />
    <testcase name="InputModule_ValidateAnswer_ValidAnswer_ReturnsTrue" file="/Users/emotionalmachine/Documents/AddInEdu/Project/p-cpp-study/tests/test_learning_modules.cpp" line="117" status="run" result="completed" time="0" timestamp="2025-07-27T00:22:41.652" classname="LearningModuleTest" />
    <testcase name="InputModule_ValidateAnswer_InvalidAnswer_ReturnsFalse" file="/Users/emotionalmachine/Documents/AddInEdu/Project/p-cpp-study/tests/test_learning_modules.cpp" line="122" status="run" result="completed" time="0" timestamp="2025-07-27T00:22:41.652" classname="LearningModuleTest" />
    <testcase name="OperatorModule_ValidOperators_ReturnsTrue" file="/Users/emotionalmachine/Documents/AddInEdu/Project/p-cpp-study/tests/test_learning_modules.cpp" line="128" status="run" result="completed" time="0" timestamp="2025-07-27T00:22:41.652" classname="LearningModuleTest" />
    <testcase name="OperatorModule_InvalidOperators_ReturnsFalse" file="/Users/emotionalmachine/Documents/AddInEdu/Project/p-cpp-study/tests/test_learning_modules.cpp" line="137" status="run" result="completed" time="0" timestamp="2025-07-27T00:22:41.652" classname="LearningModuleTest" />
    <testcase name="OperatorModule_OperatorDescriptions_ReturnsCorrectDescription" file="/Users/emotionalmachine/Documents/AddInEdu/Project/p-cpp-study/tests/test_learning_modules.cpp" line="142" status="run" result="completed" time="0" timestamp="2025-07-27T00:22:41.652" classname="LearningModuleTest" />
    <testcase name="OperatorModule_CalculateResult_ValidExpression_ReturnsCorrectResult" file="/Users/emotionalmachine/Documents/AddInEdu/Project/p-cpp-study/tests/test_learning_modules.cpp" line="149" status="run" result="completed" time="0" timestamp="2025-07-27T00:22:41.652" classname="LearningModuleTest" />
    <testcase name="OperatorModule_ValidateAnswer_ValidAnswer_ReturnsTrue" file="/Users/emotionalmachine/Documents/AddInEdu/Project/p-cpp-study/tests/test_learning_modules.cpp" line="156" status="run" result="completed" time="0" timestamp="2025-07-27T00:22:41.652" classname="LearningModuleTest" />
    <testcase name="OperatorModule_ValidateAnswer_InvalidAnswer_ReturnsFalse" file="/Users/emotionalmachine/Documents/AddInEdu/Project/p-cpp-study/tests/test_learning_modules.cpp" line="162" status="run" result="completed" time="0" timestamp="2025-07-27T00:22:41.652" classname="LearningModuleTest" />
    <testcase name="ModuleHints_AllModules_ReturnNonEmptyHints" file="/Users/emotionalmachine/Documents/AddInEdu/Project/p-cpp-study/tests/test_learning_modules.cpp" line="169" status="run" result="completed" time="0" timestamp="2025-07-27T00:22:41.652" classname="LearningModuleTest" />
    <testcase name="ModuleNextSteps_AllModules_ReturnNonEmptySteps" file="/Users/emotionalmachine/Documents/AddInEdu/Project/p-cpp-study/tests/test_learning_modules.cpp" line="175" status="run" result="completed" time="0" timestamp="2025-07-27T00:22:41.652" classname="LearningModuleTest" />
    <testcase name="ModuleStartLesson_AllModules_ProduceOutput" file="/Users/emotionalmachine/Documents/AddInEdu/Project/p-cpp-study/tests/test_learning_modules.cpp" line="182" status="run" result="completed" time="0" timestamp="2025-07-27T00:22:41.652" classname="LearningModuleTest" />
  </testsuite>
  <testsuite name="UtilsTest" tests="19" failures="0" disabled="0" skipped="0" errors="0" time="0.001" timestamp="2025-07-27T00:22:41.653">
    <testcase name="StringUtils_Split_ValidString_ReturnsCorrectTokens" file="/Users/emotionalmachine/Documents/AddInEdu/Project/p-cpp-study/tests/test_utils.cpp" line="42" status="run" result="completed" time="0" timestamp="2025-07-27T00:22:41.653" classname="UtilsTest" />
    <testcase name="StringUtils_Join_ValidTokens_ReturnsCorrectString" file="/Users/emotionalmachine/Documents/AddInEdu/Project/p-cpp-study/tests/test_utils.cpp" line="50" status="run" result="completed" time="0" timestamp="2025-07-27T00:22:41.653" classname="UtilsTest" />
    <testcase name="StringUtils_Trim_ValidString_ReturnsTrimmedString" file="/Users/emotionalmachine/Documents/AddInEdu/Project/p-cpp-study/tests/test_utils.cpp" line="56" status="run" result="completed" time="0" timestamp="2025-07-27T00:22:41.653" classname="UtilsTest" />
    <testcase name="StringUtils_StartsWith_ValidString_ReturnsTrue" file="/Users/emotionalmachine/Documents/AddInEdu/Project/p-cpp-study/tests/test_utils.cpp" line="61" status="run" result="completed" time="0" timestamp="2025-07-27T00:22:41.653" classname="UtilsTest" />
    <testcase name="StringUtils_EndsWith_ValidString_ReturnsTrue" file="/Users/emotionalmachine/Documents/AddInEdu/Project/p-cpp-study/tests/test_utils.cpp" line="66" status="run" result="completed" time="0" timestamp="2025-07-27T00:22:41.653" classname="UtilsTest" />
    <testcase name="MathUtils_Gcd_ValidNumbers_ReturnsCorrectGcd" file="/Users/emotionalmachine/Documents/AddInEdu/Project/p-cpp-study/tests/test_utils.cpp" line="72" status="run" result="completed" time="0" timestamp="2025-07-27T00:22:41.653" classname="UtilsTest" />
    <testcase name="MathUtils_Lcm_ValidNumbers_ReturnsCorrectLcm" file="/Users/emotionalmachine/Documents/AddInEdu/Project/p-cpp-study/tests/test_utils.cpp" line="77" status="run" result="completed" time="0" timestamp="2025-07-27T00:22:41.653" classname="UtilsTest" />
    <testcase name="MathUtils_IsPrime_ValidNumbers_ReturnsCorrectResult" file="/Users/emotionalmachine/Documents/AddInEdu/Project/p-cpp-study/tests/test_utils.cpp" line="82" status="run" result="completed" time="0" timestamp="2025-07-27T00:22:41.653" classname="UtilsTest" />
    <testcase name="MathUtils_Factorial_ValidNumbers_ReturnsCorrectResult" file="/Users/emotionalmachine/Documents/AddInEdu/Project/p-cpp-study/tests/test_utils.cpp" line="90" status="run" result="completed" time="0" timestamp="2025-07-27T00:22:41.653" classname="UtilsTest" />
    <testcase name="ValidationUtils_IsValidEmail_ValidEmails_ReturnsTrue" file="/Users/emotionalmachine/Documents/AddInEdu/Project/p-cpp-study/tests/test_utils.cpp" line="97" status="run" result="completed" time="0" timestamp="2025-07-27T00:22:41.653" classname="UtilsTest" />
    <testcase name="ValidationUtils_IsValidVariableName_ValidNames_ReturnsTrue" file="/Users/emotionalmachine/Documents/AddInEdu/Project/p-cpp-study/tests/test_utils.cpp" line="104" status="run" result="completed" time="0" timestamp="2025-07-27T00:22:41.653" classname="UtilsTest" />
    <testcase name="ValidationUtils_HasBalancedParentheses_ValidCode_ReturnsTrue" file="/Users/emotionalmachine/Documents/AddInEdu/Project/p-cpp-study/tests/test_utils.cpp" line="112" status="run" result="completed" time="0" timestamp="2025-07-27T00:22:41.653" classname="UtilsTest" />
    <testcase name="TimeUtils_GetCurrentTime_ReturnsNonEmptyString" file="/Users/emotionalmachine/Documents/AddInEdu/Project/p-cpp-study/tests/test_utils.cpp" line="120" status="run" result="completed" time="0" timestamp="2025-07-27T00:22:41.653" classname="UtilsTest" />
    <testcase name="TimeUtils_GetCurrentDate_ReturnsNonEmptyString" file="/Users/emotionalmachine/Documents/AddInEdu/Project/p-cpp-study/tests/test_utils.cpp" line="125" status="run" result="completed" time="0" timestamp="2025-07-27T00:22:41.654" classname="UtilsTest" />
    <testcase name="TimeUtils_FormatDuration_ValidSeconds_ReturnsFormattedString" file="/Users/emotionalmachine/Documents/AddInEdu/Project/p-cpp-study/tests/test_utils.cpp" line="130" status="run" result="completed" time="0" timestamp="2025-07-27T00:22:41.654" classname="UtilsTest" />
    <testcase name="UtilNamespace_GreetFunction_ValidName_ReturnsExpectedOutput" file="/Users/emotionalmachine/Documents/AddInEdu/Project/p-cpp-study/tests/test_utils.cpp" line="136" status="run" result="completed" time="0" timestamp="2025-07-27T00:22:41.654" classname="UtilsTest" />
    <testcase name="UtilNamespace_FormatMessage_ValidInput_ReturnsFormattedMessage" file="/Users/emotionalmachine/Documents/AddInEdu/Project/p-cpp-study/tests/test_utils.cpp" line="146" status="run" result="completed" time="0" timestamp="2025-07-27T00:22:41.654" classname="UtilsTest" />
    <testcase name="UtilNamespace_IsValidName_ValidName_ReturnsTrue" file="/Users/emotionalmachine/Documents/AddInEdu/Project/p-cpp-study/tests/test_utils.cpp" line="151" status="run" result="completed" time="0" timestamp="2025-07-27T00:22:41.654" classname="UtilsTest" />
    <testcase name="UtilNamespace_IsValidName_InvalidName_ReturnsFalse" file="/Users/emotionalmachine/Documents/AddInEdu/Project/p-cpp-study/tests/test_utils.cpp" line="157" status="run" result="completed" time="0" timestamp="2025-07-27T00:22:41.654" classname="UtilsTest" />
  </testsuite>
</testsuites>
